Started analysis of SRR31732088_1_trimmed.fq.gz
Approx 5% complete for SRR31732088_1_trimmed.fq.gz
Approx 10% complete for SRR31732088_1_trimmed.fq.gz
Approx 15% complete for SRR31732088_1_trimmed.fq.gz
Approx 20% complete for SRR31732088_1_trimmed.fq.gz
Approx 25% complete for SRR31732088_1_trimmed.fq.gz
Approx 30% complete for SRR31732088_1_trimmed.fq.gz
Approx 35% complete for SRR31732088_1_trimmed.fq.gz
Approx 40% complete for SRR31732088_1_trimmed.fq.gz
Approx 45% complete for SRR31732088_1_trimmed.fq.gz
Approx 50% complete for SRR31732088_1_trimmed.fq.gz
Too many tiles (>500) so giving up trying to do per-tile qualities since we're probably parsing the file wrongly
Approx 55% complete for SRR31732088_1_trimmed.fq.gz
Approx 60% complete for SRR31732088_1_trimmed.fq.gz
Approx 65% complete for SRR31732088_1_trimmed.fq.gz
Approx 70% complete for SRR31732088_1_trimmed.fq.gz
Approx 75% complete for SRR31732088_1_trimmed.fq.gz
Approx 80% complete for SRR31732088_1_trimmed.fq.gz
Approx 85% complete for SRR31732088_1_trimmed.fq.gz
Approx 90% complete for SRR31732088_1_trimmed.fq.gz
Approx 95% complete for SRR31732088_1_trimmed.fq.gz
Started analysis of SRR31732088_2_trimmed.fq.gz
Approx 5% complete for SRR31732088_2_trimmed.fq.gz
Approx 10% complete for SRR31732088_2_trimmed.fq.gz
Approx 15% complete for SRR31732088_2_trimmed.fq.gz
Approx 20% complete for SRR31732088_2_trimmed.fq.gz
Approx 25% complete for SRR31732088_2_trimmed.fq.gz
Approx 30% complete for SRR31732088_2_trimmed.fq.gz
Approx 35% complete for SRR31732088_2_trimmed.fq.gz
Approx 40% complete for SRR31732088_2_trimmed.fq.gz
Approx 45% complete for SRR31732088_2_trimmed.fq.gz
Approx 50% complete for SRR31732088_2_trimmed.fq.gz
Too many tiles (>500) so giving up trying to do per-tile qualities since we're probably parsing the file wrongly
Approx 55% complete for SRR31732088_2_trimmed.fq.gz
Approx 60% complete for SRR31732088_2_trimmed.fq.gz
Approx 65% complete for SRR31732088_2_trimmed.fq.gz
Approx 70% complete for SRR31732088_2_trimmed.fq.gz
Approx 75% complete for SRR31732088_2_trimmed.fq.gz
Approx 80% complete for SRR31732088_2_trimmed.fq.gz
Approx 85% complete for SRR31732088_2_trimmed.fq.gz
Approx 90% complete for SRR31732088_2_trimmed.fq.gz
Approx 95% complete for SRR31732088_2_trimmed.fq.gz
Started analysis of SRR31732090_1_trimmed.fq.gz
Approx 5% complete for SRR31732090_1_trimmed.fq.gz
Approx 10% complete for SRR31732090_1_trimmed.fq.gz
Approx 15% complete for SRR31732090_1_trimmed.fq.gz
Approx 20% complete for SRR31732090_1_trimmed.fq.gz
Approx 25% complete for SRR31732090_1_trimmed.fq.gz
Approx 30% complete for SRR31732090_1_trimmed.fq.gz
Approx 35% complete for SRR31732090_1_trimmed.fq.gz
Approx 40% complete for SRR31732090_1_trimmed.fq.gz
Approx 45% complete for SRR31732090_1_trimmed.fq.gz
Approx 50% complete for SRR31732090_1_trimmed.fq.gz
Too many tiles (>500) so giving up trying to do per-tile qualities since we're probably parsing the file wrongly
Approx 55% complete for SRR31732090_1_trimmed.fq.gz
Approx 60% complete for SRR31732090_1_trimmed.fq.gz
Approx 65% complete for SRR31732090_1_trimmed.fq.gz
Approx 70% complete for SRR31732090_1_trimmed.fq.gz
Approx 75% complete for SRR31732090_1_trimmed.fq.gz
Approx 80% complete for SRR31732090_1_trimmed.fq.gz
Approx 85% complete for SRR31732090_1_trimmed.fq.gz
Approx 90% complete for SRR31732090_1_trimmed.fq.gz
Approx 95% complete for SRR31732090_1_trimmed.fq.gz
Started analysis of SRR31732090_2_trimmed.fq.gz
Approx 5% complete for SRR31732090_2_trimmed.fq.gz
Approx 10% complete for SRR31732090_2_trimmed.fq.gz
Approx 15% complete for SRR31732090_2_trimmed.fq.gz
Approx 20% complete for SRR31732090_2_trimmed.fq.gz
Approx 25% complete for SRR31732090_2_trimmed.fq.gz
Approx 30% complete for SRR31732090_2_trimmed.fq.gz
Approx 35% complete for SRR31732090_2_trimmed.fq.gz
Approx 40% complete for SRR31732090_2_trimmed.fq.gz
Approx 45% complete for SRR31732090_2_trimmed.fq.gz
Approx 50% complete for SRR31732090_2_trimmed.fq.gz
Too many tiles (>500) so giving up trying to do per-tile qualities since we're probably parsing the file wrongly
Approx 55% complete for SRR31732090_2_trimmed.fq.gz
Approx 60% complete for SRR31732090_2_trimmed.fq.gz
Approx 65% complete for SRR31732090_2_trimmed.fq.gz
Approx 70% complete for SRR31732090_2_trimmed.fq.gz
Approx 75% complete for SRR31732090_2_trimmed.fq.gz
Approx 80% complete for SRR31732090_2_trimmed.fq.gz
Approx 85% complete for SRR31732090_2_trimmed.fq.gz
Approx 90% complete for SRR31732090_2_trimmed.fq.gz
Approx 95% complete for SRR31732090_2_trimmed.fq.gz
/cm/shared/apps/anaconda3/2025.06/envs/multiqc-1.5/lib/python2.7/site-packages/multiqc/utils/config.py:45: YAMLLoadWarning: calling yaml.load() without Loader=... is deprecated, as the default Loader is unsafe. Please read https://msg.pyyaml.org/load for full details.
  configs = yaml.load(f)
/cm/shared/apps/anaconda3/2025.06/envs/multiqc-1.5/lib/python2.7/site-packages/multiqc/utils/config.py:51: YAMLLoadWarning: calling yaml.load() without Loader=... is deprecated, as the default Loader is unsafe. Please read https://msg.pyyaml.org/load for full details.
  sp = yaml.load(f)
[INFO   ]         multiqc : This is MultiQC v1.5
[INFO   ]         multiqc : Template    : default
[INFO   ]         multiqc : Searching '.'
[INFO   ]          fastqc : Found 12 reports
[INFO   ]         multiqc : Compressing plot data
[INFO   ]         multiqc : Report      : multiqc_report.html
[INFO   ]         multiqc : Data        : multiqc_data
[INFO   ]         multiqc : MultiQC complete
