Downloading nextflow dependencies. It may require a few seconds, please wait .. [KN E X T F L O W  ~  version 23.04.3
Pulling nf-core/rnaseq ...
 downloaded from https://github.com/nf-core/rnaseq.git
WARN: It appears you have never run this project before -- Option `-resume` is ignored
Launching `https://github.com/nf-core/rnaseq` [gigantic_celsius] DSL2 - revision: b89fac3265 [3.14.0]
Downloading plugin nf-validation@1.1.3


-[2m----------------------------------------------------[0m-
                                        [0;32m,--.[0;30m/[0;32m,-.[0m
[0;34m        ___     __   __   __   ___     [0;32m/,-._.--~'[0m
[0;34m  |\ | |__  __ /  ` /  \ |__) |__         [0;33m}  {[0m
[0;34m  | \| |       \__, \__/ |  \ |___     [0;32m\`-._,-`-,[0m
                                        [0;32m`._,._,'[0m
[0;35m  nf-core/rnaseq v3.14.0-gb89fac3[0m
-[2m----------------------------------------------------[0m-
[1mCore Nextflow options[0m
  [0;34mrevision        : [0;32m3.14.0[0m
  [0;34mrunName         : [0;32mgigantic_celsius[0m
  [0;34mcontainerEngine : [0;32msingularity[0m
  [0;34mlaunchDir       : [0;32m/mnt/data/bioinfo-estadistica-2/RNAseq_2026/equipos/Equipo2/scripts[0m
  [0;34mworkDir         : [0;32m/mnt/data/bioinfo-estadistica-2/RNAseq_2026/equipos/Equipo2/scripts/work[0m
  [0;34mprojectDir      : [0;32m/home/lgonzalez/.nextflow/assets/nf-core/rnaseq[0m
  [0;34muserName        : [0;32mlgonzalez[0m
  [0;34mprofile         : [0;32msingularity[0m
  [0;34mconfigFiles     : [0;32m[0m

[1mInput/output options[0m
  [0;34minput           : [0;32m/mnt/data/bioinfo-estadistica-2/RNAseq_2026/equipos/Equipo2/scripts/nf_sheet.csv[0m
  [0;34moutdir          : [0;32m/mnt/data/bioinfo-estadistica-2/RNAseq_2026/equipos/Equipo2/nf_test1[0m

[1mReference genome options[0m
  [0;34mgenome          : [0;32m/mnt/data/bioinfo-estadistica-2/RNAseq_2026/equipos/Equipo2/reference/Homo_sapiens.GRCh38.transcripts.fa.gz[0m

[1mAlignment options[0m
  [0;34mpseudo_aligner  : [0;32mkallisto[0m
  [0;34mmin_mapped_reads: [0;32m5[0m

!! Only displaying parameters that differ from the pipeline defaults !!
-[2m----------------------------------------------------[0m-
If you use nf-core/rnaseq for your analysis please cite:

* The pipeline
  https://doi.org/10.5281/zenodo.1400710

* The nf-core framework
  https://doi.org/10.1038/s41587-020-0439-x

* Software dependencies
  https://github.com/nf-core/rnaseq/blob/master/CITATIONS.md

~~~~~~~~~~~~~~~~~~~~~~~~~~~~~~~~~~~~~~~~~~~~~~~~~~~~~~~~~~~~~~~~~~~~~~~~~~~~~
  Genome '/mnt/data/bioinfo-estadistica-2/RNAseq_2026/equipos/Equipo2/reference/Homo_sapiens.GRCh38.transcripts.fa.gz' not found in any config files provided to the pipeline.
  Currently, the available genome keys are:
  GRCh37, GRCh38, CHM13, GRCm38, TAIR10, EB2, UMD3.1, WBcel235, CanFam3.1, GRCz10, BDGP6, EquCab2, EB1, Galgal4, Gm01, Mmul_1, IRGSP-1.0, CHIMP2.1.4, Rnor_5.0, Rnor_6.0, R64-1-1, EF2, Sbi1, Sscrofa10.2, AGPv3, hg38, hg19, mm10, bosTau8, ce10, canFam3, danRer10, dm6, equCab2, galGal4, panTro4, rn6, sacCer3, susScr3
~~~~~~~~~~~~~~~~~~~~~~~~~~~~~~~~~~~~~~~~~~~~~~~~~~~~~~~~~~~~~~~~~~~~~~~~~~~~~~~~~~~
